Component: ARM Compiler 5.06 update 1 (build 61) Tool: armlink [4d35a8]

==============================================================================

Section Cross References

    loader.o(i.eeprom_erase) refers to segger_rtt.o(i.SEGGER_RTT_WriteString) for SEGGER_RTT_WriteString
    loader.o(i.eeprom_erase) refers to loader.o(i.usleep) for usleep
    loader.o(i.eeprom_write_block) refers to segger_rtt_printf.o(i.SEGGER_RTT_printf) for SEGGER_RTT_printf
    loader.o(i.eeprom_write_block) refers to loader.o(i.usleep) for usleep
    loader.o(i.eeprom_write_block) refers to segger_rtt.o(i.SEGGER_RTT_WriteString) for SEGGER_RTT_WriteString
    loader.o(i.main) refers to segger_rtt.o(i.SEGGER_RTT_ConfigUpBuffer) for SEGGER_RTT_ConfigUpBuffer
    loader.o(i.main) refers to segger_rtt.o(i.SEGGER_RTT_WriteString) for SEGGER_RTT_WriteString
    loader.o(i.main) refers to segger_rtt_printf.o(i.SEGGER_RTT_printf) for SEGGER_RTT_printf
    loader.o(i.main) refers to loader.o(i.eeprom_erase) for eeprom_erase
    loader.o(i.main) refers to loader.o(i.eeprom_write_block) for eeprom_write_block
    loader.o(i.main) refers to loader.o(.bss) for iface
    loader.o(i.usleep) refers to system_mdr32f9qx.o(.data) for SystemCoreClock
    startup_mdr32f9qx.o(STACK) refers (Special) to heapauxi.o(.text) for __use_two_region_memory
    startup_mdr32f9qx.o(HEAP) refers (Special) to heapauxi.o(.text) for __use_two_region_memory
    startup_mdr32f9qx.o(RESET) refers (Special) to heapauxi.o(.text) for __use_two_region_memory
    startup_mdr32f9qx.o(RESET) refers to startup_mdr32f9qx.o(STACK) for __initial_sp
    startup_mdr32f9qx.o(RESET) refers to startup_mdr32f9qx.o(.text) for Reset_Handler
    startup_mdr32f9qx.o(.text) refers (Special) to heapauxi.o(.text) for __use_two_region_memory
    startup_mdr32f9qx.o(.text) refers to system_mdr32f9qx.o(i.SystemInit) for SystemInit
    startup_mdr32f9qx.o(.text) refers to __main.o(!!!main) for __main
    startup_mdr32f9qx.o(.text) refers to startup_mdr32f9qx.o(HEAP) for Heap_Mem
    startup_mdr32f9qx.o(.text) refers to startup_mdr32f9qx.o(STACK) for Stack_Mem
    system_mdr32f9qx.o(i.SystemCoreClockUpdate) refers to system_mdr32f9qx.o(.data) for SystemCoreClock
    system_mdr32f9qx.o(i.SystemInit) refers to system_mdr32f9qx.o(i.SystemCoreClockUpdate) for SystemCoreClockUpdate
    segger_rtt.o(i.SEGGER_RTT_AllocDownBuffer) refers to segger_rtt.o(i._DoInit) for _DoInit
    segger_rtt.o(i.SEGGER_RTT_AllocDownBuffer) refers to segger_rtt.o(.bss) for _SEGGER_RTT
    segger_rtt.o(i.SEGGER_RTT_AllocUpBuffer) refers to segger_rtt.o(i._DoInit) for _DoInit
    segger_rtt.o(i.SEGGER_RTT_AllocUpBuffer) refers to segger_rtt.o(.bss) for _SEGGER_RTT
    segger_rtt.o(i.SEGGER_RTT_ConfigDownBuffer) refers to segger_rtt.o(i._DoInit) for _DoInit
    segger_rtt.o(i.SEGGER_RTT_ConfigDownBuffer) refers to segger_rtt.o(.bss) for _SEGGER_RTT
    segger_rtt.o(i.SEGGER_RTT_ConfigUpBuffer) refers to segger_rtt.o(i._DoInit) for _DoInit
    segger_rtt.o(i.SEGGER_RTT_ConfigUpBuffer) refers to segger_rtt.o(.bss) for _SEGGER_RTT
    segger_rtt.o(i.SEGGER_RTT_GetKey) refers to segger_rtt.o(i.SEGGER_RTT_Read) for SEGGER_RTT_Read
    segger_rtt.o(i.SEGGER_RTT_HasData) refers to segger_rtt.o(.bss) for _SEGGER_RTT
    segger_rtt.o(i.SEGGER_RTT_HasKey) refers to segger_rtt.o(i._DoInit) for _DoInit
    segger_rtt.o(i.SEGGER_RTT_HasKey) refers to segger_rtt.o(.bss) for _SEGGER_RTT
    segger_rtt.o(i.SEGGER_RTT_Init) refers to segger_rtt.o(i._DoInit) for _DoInit
    segger_rtt.o(i.SEGGER_RTT_Init) refers to segger_rtt.o(.bss) for _SEGGER_RTT
    segger_rtt.o(i.SEGGER_RTT_Read) refers to segger_rtt.o(i.SEGGER_RTT_ReadNoLock) for SEGGER_RTT_ReadNoLock
    segger_rtt.o(i.SEGGER_RTT_ReadNoLock) refers to segger_rtt.o(i._DoInit) for _DoInit
    segger_rtt.o(i.SEGGER_RTT_ReadNoLock) refers to rt_memcpy_v6.o(.text) for __aeabi_memcpy
    segger_rtt.o(i.SEGGER_RTT_ReadNoLock) refers to segger_rtt.o(.bss) for _SEGGER_RTT
    segger_rtt.o(i.SEGGER_RTT_SetNameDownBuffer) refers to segger_rtt.o(i._DoInit) for _DoInit
    segger_rtt.o(i.SEGGER_RTT_SetNameDownBuffer) refers to segger_rtt.o(.bss) for _SEGGER_RTT
    segger_rtt.o(i.SEGGER_RTT_SetNameUpBuffer) refers to segger_rtt.o(i._DoInit) for _DoInit
    segger_rtt.o(i.SEGGER_RTT_SetNameUpBuffer) refers to segger_rtt.o(.bss) for _SEGGER_RTT
    segger_rtt.o(i.SEGGER_RTT_SetTerminal) refers to segger_rtt.o(i._DoInit) for _DoInit
    segger_rtt.o(i.SEGGER_RTT_SetTerminal) refers to segger_rtt.o(i._WriteBlocking) for _WriteBlocking
    segger_rtt.o(i.SEGGER_RTT_SetTerminal) refers to segger_rtt.o(i._GetAvailWriteSpace) for _GetAvailWriteSpace
    segger_rtt.o(i.SEGGER_RTT_SetTerminal) refers to segger_rtt.o(i._WriteNoCheck) for _WriteNoCheck
    segger_rtt.o(i.SEGGER_RTT_SetTerminal) refers to segger_rtt.o(.bss) for _SEGGER_RTT
    segger_rtt.o(i.SEGGER_RTT_SetTerminal) refers to segger_rtt.o(.data) for _aTerminalId
    segger_rtt.o(i.SEGGER_RTT_TerminalOut) refers to segger_rtt.o(i._DoInit) for _DoInit
    segger_rtt.o(i.SEGGER_RTT_TerminalOut) refers to strlen.o(.text) for strlen
    segger_rtt.o(i.SEGGER_RTT_TerminalOut) refers to segger_rtt.o(i._GetAvailWriteSpace) for _GetAvailWriteSpace
    segger_rtt.o(i.SEGGER_RTT_TerminalOut) refers to segger_rtt.o(i._PostTerminalSwitch) for _PostTerminalSwitch
    segger_rtt.o(i.SEGGER_RTT_TerminalOut) refers to segger_rtt.o(i._WriteBlocking) for _WriteBlocking
    segger_rtt.o(i.SEGGER_RTT_TerminalOut) refers to segger_rtt.o(.bss) for _SEGGER_RTT
    segger_rtt.o(i.SEGGER_RTT_TerminalOut) refers to segger_rtt.o(.data) for _ActiveTerminal
    segger_rtt.o(i.SEGGER_RTT_WaitKey) refers to segger_rtt.o(i.SEGGER_RTT_GetKey) for SEGGER_RTT_GetKey
    segger_rtt.o(i.SEGGER_RTT_Write) refers to segger_rtt.o(i._DoInit) for _DoInit
    segger_rtt.o(i.SEGGER_RTT_Write) refers to segger_rtt.o(i.SEGGER_RTT_WriteNoLock) for SEGGER_RTT_WriteNoLock
    segger_rtt.o(i.SEGGER_RTT_Write) refers to segger_rtt.o(.bss) for _SEGGER_RTT
    segger_rtt.o(i.SEGGER_RTT_WriteNoLock) refers to segger_rtt.o(i._GetAvailWriteSpace) for _GetAvailWriteSpace
    segger_rtt.o(i.SEGGER_RTT_WriteNoLock) refers to segger_rtt.o(i._WriteNoCheck) for _WriteNoCheck
    segger_rtt.o(i.SEGGER_RTT_WriteNoLock) refers to segger_rtt.o(i._WriteBlocking) for _WriteBlocking
    segger_rtt.o(i.SEGGER_RTT_WriteNoLock) refers to segger_rtt.o(.bss) for _SEGGER_RTT
    segger_rtt.o(i.SEGGER_RTT_WriteSkipNoLock) refers to rt_memcpy_v6.o(.text) for __aeabi_memcpy
    segger_rtt.o(i.SEGGER_RTT_WriteSkipNoLock) refers to segger_rtt.o(.bss) for _SEGGER_RTT
    segger_rtt.o(i.SEGGER_RTT_WriteString) refers to strlen.o(.text) for strlen
    segger_rtt.o(i.SEGGER_RTT_WriteString) refers to segger_rtt.o(i.SEGGER_RTT_Write) for SEGGER_RTT_Write
    segger_rtt.o(i._DoInit) refers to strcpy.o(.text) for strcpy
    segger_rtt.o(i._DoInit) refers to segger_rtt.o(.bss) for _SEGGER_RTT
    segger_rtt.o(i._PostTerminalSwitch) refers to segger_rtt.o(i._WriteBlocking) for _WriteBlocking
    segger_rtt.o(i._PostTerminalSwitch) refers to segger_rtt.o(.data) for _aTerminalId
    segger_rtt.o(i._WriteBlocking) refers to rt_memcpy_v6.o(.text) for __aeabi_memcpy
    segger_rtt.o(i._WriteNoCheck) refers to rt_memcpy_v6.o(.text) for __aeabi_memcpy
    segger_rtt_printf.o(i.SEGGER_RTT_printf) refers to segger_rtt_printf.o(i.SEGGER_RTT_vprintf) for SEGGER_RTT_vprintf
    segger_rtt_printf.o(i.SEGGER_RTT_vprintf) refers to segger_rtt_printf.o(i._StoreChar) for _StoreChar
    segger_rtt_printf.o(i.SEGGER_RTT_vprintf) refers to segger_rtt_printf.o(i._PrintInt) for _PrintInt
    segger_rtt_printf.o(i.SEGGER_RTT_vprintf) refers to segger_rtt_printf.o(i._PrintUnsigned) for _PrintUnsigned
    segger_rtt_printf.o(i.SEGGER_RTT_vprintf) refers to segger_rtt.o(i.SEGGER_RTT_Write) for SEGGER_RTT_Write
    segger_rtt_printf.o(i._PrintInt) refers to segger_rtt_printf.o(i._StoreChar) for _StoreChar
    segger_rtt_printf.o(i._PrintInt) refers to segger_rtt_printf.o(i._PrintUnsigned) for _PrintUnsigned
    segger_rtt_printf.o(i._PrintUnsigned) refers to segger_rtt_printf.o(i._StoreChar) for _StoreChar
    segger_rtt_printf.o(i._PrintUnsigned) refers to segger_rtt_printf.o(.constdata) for _aV2C
    segger_rtt_printf.o(i._StoreChar) refers to segger_rtt.o(i.SEGGER_RTT_Write) for SEGGER_RTT_Write
    rt_memcpy_v6.o(.text) refers to rt_memcpy_w.o(.text) for __aeabi_memcpy4
    __main.o(!!!main) refers to __rtentry.o(.ARM.Collect$$rtentry$$00000000) for __rt_entry
    __rtentry.o(.ARM.Collect$$rtentry$$00000000) refers (Special) to __rtentry2.o(.ARM.Collect$$rtentry$$0000000A) for __rt_entry_li
    __rtentry.o(.ARM.Collect$$rtentry$$00000000) refers (Special) to __rtentry2.o(.ARM.Collect$$rtentry$$0000000D) for __rt_entry_main
    __rtentry.o(.ARM.Collect$$rtentry$$00000000) refers (Special) to __rtentry2.o(.ARM.Collect$$rtentry$$0000000C) for __rt_entry_postli_1
    __rtentry.o(.ARM.Collect$$rtentry$$00000000) refers (Special) to __rtentry2.o(.ARM.Collect$$rtentry$$00000009) for __rt_entry_postsh_1
    __rtentry.o(.ARM.Collect$$rtentry$$00000000) refers (Special) to __rtentry2.o(.ARM.Collect$$rtentry$$00000002) for __rt_entry_presh_1
    __rtentry.o(.ARM.Collect$$rtentry$$00000000) refers (Special) to __rtentry4.o(.ARM.Collect$$rtentry$$00000004) for __rt_entry_sh
    __rtentry2.o(.ARM.Collect$$rtentry$$00000008) refers to boardinit2.o(.text) for _platform_post_stackheap_init
    __rtentry2.o(.ARM.Collect$$rtentry$$0000000A) refers to libinit.o(.ARM.Collect$$libinit$$00000000) for __rt_lib_init
    __rtentry2.o(.ARM.Collect$$rtentry$$0000000B) refers to boardinit3.o(.text) for _platform_post_lib_init
    __rtentry2.o(.ARM.Collect$$rtentry$$0000000D) refers to loader.o(i.main) for main
    __rtentry2.o(.ARM.Collect$$rtentry$$0000000D) refers to exit.o(.text) for exit
    __rtentry2.o(.ARM.exidx) refers to __rtentry2.o(.ARM.Collect$$rtentry$$00000001) for .ARM.Collect$$rtentry$$00000001
    __rtentry2.o(.ARM.exidx) refers to __rtentry2.o(.ARM.Collect$$rtentry$$00000008) for .ARM.Collect$$rtentry$$00000008
    __rtentry2.o(.ARM.exidx) refers to __rtentry2.o(.ARM.Collect$$rtentry$$0000000A) for .ARM.Collect$$rtentry$$0000000A
    __rtentry2.o(.ARM.exidx) refers to __rtentry2.o(.ARM.Collect$$rtentry$$0000000B) for .ARM.Collect$$rtentry$$0000000B
    __rtentry2.o(.ARM.exidx) refers to __rtentry2.o(.ARM.Collect$$rtentry$$0000000D) for .ARM.Collect$$rtentry$$0000000D
    __rtentry4.o(.ARM.Collect$$rtentry$$00000004) refers to sys_stackheap_outer.o(.text) for __user_setup_stackheap
    __rtentry4.o(.ARM.exidx) refers to __rtentry4.o(.ARM.Collect$$rtentry$$00000004) for .ARM.Collect$$rtentry$$00000004
    sys_stackheap_outer.o(.text) refers to libspace.o(.text) for __user_perproc_libspace
    sys_stackheap_outer.o(.text) refers to startup_mdr32f9qx.o(.text) for __user_initial_stackheap
    exit.o(.text) refers to rtexit.o(.ARM.Collect$$rtexit$$00000000) for __rt_exit
    libinit.o(.ARM.Collect$$libinit$$00000000) refers (Special) to libinit2.o(.ARM.Collect$$libinit$$0000002E) for __rt_lib_init_alloca_1
    libinit.o(.ARM.Collect$$libinit$$00000000) refers (Special) to libinit2.o(.ARM.Collect$$libinit$$0000002C) for __rt_lib_init_argv_1
    libinit.o(.ARM.Collect$$libinit$$00000000) refers (Special) to libinit2.o(.ARM.Collect$$libinit$$0000001B) for __rt_lib_init_atexit_1
    libinit.o(.ARM.Collect$$libinit$$00000000) refers (Special) to libinit2.o(.ARM.Collect$$libinit$$00000021) for __rt_lib_init_clock_1
    libinit.o(.ARM.Collect$$libinit$$00000000) refers (Special) to libinit2.o(.ARM.Collect$$libinit$$00000032) for __rt_lib_init_cpp_1
    libinit.o(.ARM.Collect$$libinit$$00000000) refers (Special) to libinit2.o(.ARM.Collect$$libinit$$00000030) for __rt_lib_init_exceptions_1
    libinit.o(.ARM.Collect$$libinit$$00000000) refers (Special) to libinit2.o(.ARM.Collect$$libinit$$00000002) for __rt_lib_init_fp_1
    libinit.o(.ARM.Collect$$libinit$$00000000) refers (Special) to libinit2.o(.ARM.Collect$$libinit$$0000001F) for __rt_lib_init_fp_trap_1
    libinit.o(.ARM.Collect$$libinit$$00000000) refers (Special) to libinit2.o(.ARM.Collect$$libinit$$00000023) for __rt_lib_init_getenv_1
    libinit.o(.ARM.Collect$$libinit$$00000000) refers (Special) to libinit2.o(.ARM.Collect$$libinit$$0000000A) for __rt_lib_init_heap_1
    libinit.o(.ARM.Collect$$libinit$$00000000) refers (Special) to libinit2.o(.ARM.Collect$$libinit$$00000011) for __rt_lib_init_lc_collate_1
    libinit.o(.ARM.Collect$$libinit$$00000000) refers (Special) to libinit2.o(.ARM.Collect$$libinit$$00000013) for __rt_lib_init_lc_ctype_1
    libinit.o(.ARM.Collect$$libinit$$00000000) refers (Special) to libinit2.o(.ARM.Collect$$libinit$$00000015) for __rt_lib_init_lc_monetary_1
    libinit.o(.ARM.Collect$$libinit$$00000000) refers (Special) to libinit2.o(.ARM.Collect$$libinit$$00000017) for __rt_lib_init_lc_numeric_1
    libinit.o(.ARM.Collect$$libinit$$00000000) refers (Special) to libinit2.o(.ARM.Collect$$libinit$$00000019) for __rt_lib_init_lc_time_1
    libinit.o(.ARM.Collect$$libinit$$00000000) refers (Special) to libinit2.o(.ARM.Collect$$libinit$$00000004) for __rt_lib_init_preinit_1
    libinit.o(.ARM.Collect$$libinit$$00000000) refers (Special) to libinit2.o(.ARM.Collect$$libinit$$0000000E) for __rt_lib_init_rand_1
    libinit.o(.ARM.Collect$$libinit$$00000000) refers (Special) to libinit2.o(.ARM.Collect$$libinit$$00000033) for __rt_lib_init_return
    libinit.o(.ARM.Collect$$libinit$$00000000) refers (Special) to libinit2.o(.ARM.Collect$$libinit$$0000001D) for __rt_lib_init_signal_1
    libinit.o(.ARM.Collect$$libinit$$00000000) refers (Special) to libinit2.o(.ARM.Collect$$libinit$$00000025) for __rt_lib_init_stdio_1
    libinit.o(.ARM.Collect$$libinit$$00000000) refers (Special) to libinit2.o(.ARM.Collect$$libinit$$0000000C) for __rt_lib_init_user_alloc_1
    libspace.o(.text) refers to libspace.o(.bss) for __libspace_start
    rtexit.o(.ARM.Collect$$rtexit$$00000000) refers (Special) to rtexit2.o(.ARM.Collect$$rtexit$$00000004) for __rt_exit_exit
    rtexit.o(.ARM.Collect$$rtexit$$00000000) refers (Special) to rtexit2.o(.ARM.Collect$$rtexit$$00000003) for __rt_exit_ls
    rtexit.o(.ARM.Collect$$rtexit$$00000000) refers (Special) to rtexit2.o(.ARM.Collect$$rtexit$$00000002) for __rt_exit_prels_1
    rtexit.o(.ARM.exidx) refers (Special) to rtexit2.o(.ARM.Collect$$rtexit$$00000004) for __rt_exit_exit
    rtexit.o(.ARM.exidx) refers (Special) to rtexit2.o(.ARM.Collect$$rtexit$$00000003) for __rt_exit_ls
    rtexit.o(.ARM.exidx) refers (Special) to rtexit2.o(.ARM.Collect$$rtexit$$00000002) for __rt_exit_prels_1
    rtexit.o(.ARM.exidx) refers to rtexit.o(.ARM.Collect$$rtexit$$00000000) for .ARM.Collect$$rtexit$$00000000
    libinit2.o(.ARM.Collect$$libinit$$00000010) refers to libinit2.o(.ARM.Collect$$libinit$$0000000F) for .ARM.Collect$$libinit$$0000000F
    libinit2.o(.ARM.Collect$$libinit$$00000012) refers to libinit2.o(.ARM.Collect$$libinit$$0000000F) for .ARM.Collect$$libinit$$0000000F
    libinit2.o(.ARM.Collect$$libinit$$00000014) refers to libinit2.o(.ARM.Collect$$libinit$$0000000F) for .ARM.Collect$$libinit$$0000000F
    libinit2.o(.ARM.Collect$$libinit$$00000016) refers to libinit2.o(.ARM.Collect$$libinit$$0000000F) for .ARM.Collect$$libinit$$0000000F
    libinit2.o(.ARM.Collect$$libinit$$00000018) refers to libinit2.o(.ARM.Collect$$libinit$$0000000F) for .ARM.Collect$$libinit$$0000000F
    libinit2.o(.ARM.Collect$$libinit$$00000026) refers to argv_veneer.o(.emb_text) for __ARM_argv_veneer
    libinit2.o(.ARM.Collect$$libinit$$00000027) refers to argv_veneer.o(.emb_text) for __ARM_argv_veneer
    rtexit2.o(.ARM.Collect$$rtexit$$00000003) refers to libshutdown.o(.ARM.Collect$$libshutdown$$00000000) for __rt_lib_shutdown
    rtexit2.o(.ARM.Collect$$rtexit$$00000004) refers to sys_exit.o(.text) for _sys_exit
    rtexit2.o(.ARM.exidx) refers to rtexit2.o(.ARM.Collect$$rtexit$$00000001) for .ARM.Collect$$rtexit$$00000001
    rtexit2.o(.ARM.exidx) refers to rtexit2.o(.ARM.Collect$$rtexit$$00000003) for .ARM.Collect$$rtexit$$00000003
    rtexit2.o(.ARM.exidx) refers to rtexit2.o(.ARM.Collect$$rtexit$$00000004) for .ARM.Collect$$rtexit$$00000004
    argv_veneer.o(.emb_text) refers to no_argv.o(.text) for __ARM_get_argv
    sys_exit.o(.text) refers (Special) to use_no_semi.o(.text) for __I$use$semihosting
    sys_exit.o(.text) refers (Special) to indicate_semi.o(.text) for __semihosting_library_function
    _get_argv_nomalloc.o(.text) refers (Special) to hrguard.o(.text) for __heap_region$guard
    _get_argv_nomalloc.o(.text) refers to defsig_rtmem_outer.o(.text) for __rt_SIGRTMEM
    _get_argv_nomalloc.o(.text) refers to sys_command.o(.text) for _sys_command_string
    libshutdown.o(.ARM.Collect$$libshutdown$$00000000) refers (Special) to libshutdown2.o(.ARM.Collect$$libshutdown$$00000002) for __rt_lib_shutdown_cpp_1
    libshutdown.o(.ARM.Collect$$libshutdown$$00000000) refers (Special) to libshutdown2.o(.ARM.Collect$$libshutdown$$00000007) for __rt_lib_shutdown_fp_trap_1
    libshutdown.o(.ARM.Collect$$libshutdown$$00000000) refers (Special) to libshutdown2.o(.ARM.Collect$$libshutdown$$0000000F) for __rt_lib_shutdown_heap_1
    libshutdown.o(.ARM.Collect$$libshutdown$$00000000) refers (Special) to libshutdown2.o(.ARM.Collect$$libshutdown$$00000010) for __rt_lib_shutdown_return
    libshutdown.o(.ARM.Collect$$libshutdown$$00000000) refers (Special) to libshutdown2.o(.ARM.Collect$$libshutdown$$0000000A) for __rt_lib_shutdown_signal_1
    libshutdown.o(.ARM.Collect$$libshutdown$$00000000) refers (Special) to libshutdown2.o(.ARM.Collect$$libshutdown$$00000004) for __rt_lib_shutdown_stdio_1
    libshutdown.o(.ARM.Collect$$libshutdown$$00000000) refers (Special) to libshutdown2.o(.ARM.Collect$$libshutdown$$0000000C) for __rt_lib_shutdown_user_alloc_1
    sys_command.o(.text) refers (Special) to use_no_semi.o(.text) for __I$use$semihosting
    sys_command.o(.text) refers (Special) to indicate_semi.o(.text) for __semihosting_library_function
    defsig_rtmem_outer.o(.text) refers to defsig_rtmem_inner.o(.text) for __rt_SIGRTMEM_inner
    defsig_rtmem_outer.o(.text) refers to defsig_exit.o(.text) for __sig_exit
    defsig_rtmem_formal.o(.text) refers to rt_raise.o(.text) for __rt_raise
    rt_raise.o(.text) refers to __raise.o(.text) for __raise
    rt_raise.o(.text) refers to sys_exit.o(.text) for _sys_exit
    defsig_exit.o(.text) refers to sys_exit.o(.text) for _sys_exit
    defsig_rtmem_inner.o(.text) refers to defsig_general.o(.text) for __default_signal_display
    __raise.o(.text) refers to defsig.o(CL$$defsig) for __default_signal_handler
    defsig_general.o(.text) refers to sys_wrch.o(.text) for _ttywrch
    sys_wrch.o(.text) refers (Special) to use_no_semi.o(.text) for __I$use$semihosting
    sys_wrch.o(.text) refers (Special) to indicate_semi.o(.text) for __semihosting_library_function
    defsig.o(CL$$defsig) refers to defsig_rtmem_inner.o(.text) for __rt_SIGRTMEM_inner
    defsig_abrt_inner.o(.text) refers to defsig_general.o(.text) for __default_signal_display
    defsig_fpe_inner.o(.text) refers to defsig_general.o(.text) for __default_signal_display
    defsig_rtred_inner.o(.text) refers to defsig_general.o(.text) for __default_signal_display
    defsig_stak_inner.o(.text) refers to defsig_general.o(.text) for __default_signal_display
    defsig_pvfn_inner.o(.text) refers to defsig_general.o(.text) for __default_signal_display
    defsig_cppl_inner.o(.text) refers to defsig_general.o(.text) for __default_signal_display
    defsig_segv_inner.o(.text) refers to defsig_general.o(.text) for __default_signal_display
    defsig_other.o(.text) refers to defsig_general.o(.text) for __default_signal_display


==============================================================================

Removing Unused input sections from the image.

    Removing loader.o(.rev16_text), (4 bytes).
    Removing loader.o(.revsh_text), (4 bytes).
    Removing system_mdr32f9qx.o(.rev16_text), (4 bytes).
    Removing system_mdr32f9qx.o(.revsh_text), (4 bytes).
    Removing segger_rtt.o(i.SEGGER_RTT_AllocDownBuffer), (168 bytes).
    Removing segger_rtt.o(i.SEGGER_RTT_AllocUpBuffer), (168 bytes).
    Removing segger_rtt.o(i.SEGGER_RTT_ConfigDownBuffer), (144 bytes).
    Removing segger_rtt.o(i.SEGGER_RTT_GetKey), (32 bytes).
    Removing segger_rtt.o(i.SEGGER_RTT_HasData), (28 bytes).
    Removing segger_rtt.o(i.SEGGER_RTT_HasKey), (40 bytes).
    Removing segger_rtt.o(i.SEGGER_RTT_Init), (24 bytes).
    Removing segger_rtt.o(i.SEGGER_RTT_Read), (28 bytes).
    Removing segger_rtt.o(i.SEGGER_RTT_ReadNoLock), (152 bytes).
    Removing segger_rtt.o(i.SEGGER_RTT_SetNameDownBuffer), (56 bytes).
    Removing segger_rtt.o(i.SEGGER_RTT_SetNameUpBuffer), (56 bytes).
    Removing segger_rtt.o(i.SEGGER_RTT_SetTerminal), (124 bytes).
    Removing segger_rtt.o(i.SEGGER_RTT_TerminalOut), (224 bytes).
    Removing segger_rtt.o(i.SEGGER_RTT_WaitKey), (14 bytes).
    Removing segger_rtt.o(i.SEGGER_RTT_WriteSkipNoLock), (184 bytes).
    Removing segger_rtt.o(i._PostTerminalSwitch), (36 bytes).
    Removing segger_rtt.o(.data), (17 bytes).

21 unused section(s) (total 1511 bytes) removed from the image.

==============================================================================

Image Symbol Table

    Local Symbols

    Symbol Name                              Value     Ov Type        Size  Object(Section)

    ../clib/angel/boardlib.s                 0x00000000   Number         0  boardinit3.o ABSOLUTE
    ../clib/angel/boardlib.s                 0x00000000   Number         0  boardinit2.o ABSOLUTE
    ../clib/angel/boardlib.s                 0x00000000   Number         0  boardinit1.o ABSOLUTE
    ../clib/angel/boardlib.s                 0x00000000   Number         0  boardshut.o ABSOLUTE
    ../clib/angel/handlers.s                 0x00000000   Number         0  __scatter_zi.o ABSOLUTE
    ../clib/angel/handlers.s                 0x00000000   Number         0  __scatter_copy.o ABSOLUTE
    ../clib/angel/kernel.s                   0x00000000   Number         0  __rtentry2.o ABSOLUTE
    ../clib/angel/kernel.s                   0x00000000   Number         0  __rtentry4.o ABSOLUTE
    ../clib/angel/kernel.s                   0x00000000   Number         0  __rtentry.o ABSOLUTE
    ../clib/angel/kernel.s                   0x00000000   Number         0  rtexit.o ABSOLUTE
    ../clib/angel/kernel.s                   0x00000000   Number         0  rtexit2.o ABSOLUTE
    ../clib/angel/rt.s                       0x00000000   Number         0  rt_raise.o ABSOLUTE
    ../clib/angel/scatter.s                  0x00000000   Number         0  __scatter.o ABSOLUTE
    ../clib/angel/startup.s                  0x00000000   Number         0  __main.o ABSOLUTE
    ../clib/angel/sys.s                      0x00000000   Number         0  indicate_semi.o ABSOLUTE
    ../clib/angel/sys.s                      0x00000000   Number         0  use_no_semi.o ABSOLUTE
    ../clib/angel/sys.s                      0x00000000   Number         0  sys_stackheap_outer.o ABSOLUTE
    ../clib/angel/sys.s                      0x00000000   Number         0  libspace.o ABSOLUTE
    ../clib/angel/sysapp.c                   0x00000000   Number         0  sys_command.o ABSOLUTE
    ../clib/angel/sysapp.c                   0x00000000   Number         0  sys_wrch.o ABSOLUTE
    ../clib/angel/sysapp.c                   0x00000000   Number         0  sys_exit.o ABSOLUTE
    ../clib/armsys.c                         0x00000000   Number         0  argv_veneer.o ABSOLUTE
    ../clib/armsys.c                         0x00000000   Number         0  argv_veneer.o ABSOLUTE
    ../clib/armsys.c                         0x00000000   Number         0  no_argv.o ABSOLUTE
    ../clib/armsys.c                         0x00000000   Number         0  _get_argv_nomalloc.o ABSOLUTE
    ../clib/heapalloc.c                      0x00000000   Number         0  hrguard.o ABSOLUTE
    ../clib/heapaux.c                        0x00000000   Number         0  heapauxi.o ABSOLUTE
    ../clib/libinit.s                        0x00000000   Number         0  libinit2.o ABSOLUTE
    ../clib/libinit.s                        0x00000000   Number         0  libinit.o ABSOLUTE
    ../clib/libinit.s                        0x00000000   Number         0  libshutdown.o ABSOLUTE
    ../clib/libinit.s                        0x00000000   Number         0  libshutdown2.o ABSOLUTE
    ../clib/memcpset.s                       0x00000000   Number         0  rt_memcpy_w.o ABSOLUTE
    ../clib/memcpset.s                       0x00000000   Number         0  rt_memcpy_v6.o ABSOLUTE
    ../clib/signal.c                         0x00000000   Number         0  defsig_exit.o ABSOLUTE
    ../clib/signal.c                         0x00000000   Number         0  defsig_abrt_inner.o ABSOLUTE
    ../clib/signal.c                         0x00000000   Number         0  defsig_general.o ABSOLUTE
    ../clib/signal.c                         0x00000000   Number         0  __raise.o ABSOLUTE
    ../clib/signal.c                         0x00000000   Number         0  defsig_rtmem_inner.o ABSOLUTE
    ../clib/signal.c                         0x00000000   Number         0  defsig_rtmem_formal.o ABSOLUTE
    ../clib/signal.c                         0x00000000   Number         0  defsig_fpe_inner.o ABSOLUTE
    ../clib/signal.c                         0x00000000   Number         0  defsig_rtmem_outer.o ABSOLUTE
    ../clib/signal.c                         0x00000000   Number         0  defsig_other.o ABSOLUTE
    ../clib/signal.c                         0x00000000   Number         0  defsig_segv_inner.o ABSOLUTE
    ../clib/signal.c                         0x00000000   Number         0  defsig_cppl_inner.o ABSOLUTE
    ../clib/signal.c                         0x00000000   Number         0  defsig_pvfn_inner.o ABSOLUTE
    ../clib/signal.c                         0x00000000   Number         0  defsig_stak_inner.o ABSOLUTE
    ../clib/signal.c                         0x00000000   Number         0  defsig_rtred_inner.o ABSOLUTE
    ../clib/signal.s                         0x00000000   Number         0  defsig.o ABSOLUTE
    ../clib/stdlib.c                         0x00000000   Number         0  exit.o ABSOLUTE
    ../clib/string.c                         0x00000000   Number         0  strcpy.o ABSOLUTE
    ../clib/string.c                         0x00000000   Number         0  strlen.o ABSOLUTE
    ../fplib/fpinit.s                        0x00000000   Number         0  fpinit.o ABSOLUTE
    dc.s                                     0x00000000   Number         0  dc.o ABSOLUTE
    source\CMSIS\CM3\DeviceSupport\MDR32F9Qx\startup\arm\startup_MDR32F9Qx.s 0x00000000   Number         0  startup_mdr32f9qx.o ABSOLUTE
    source\CMSIS\CM3\DeviceSupport\MDR32F9Qx\startup\system_MDR32F9Qx.c 0x00000000   Number         0  system_mdr32f9qx.o ABSOLUTE
    source\LOADER.c                          0x00000000   Number         0  loader.o ABSOLUTE
    source\RTT\SEGGER_RTT.c                  0x00000000   Number         0  segger_rtt.o ABSOLUTE
    source\RTT\SEGGER_RTT_printf.c           0x00000000   Number         0  segger_rtt_printf.o ABSOLUTE
    source\\CMSIS\\CM3\\DeviceSupport\\MDR32F9Qx\\startup\\system_MDR32F9Qx.c 0x00000000   Number         0  system_mdr32f9qx.o ABSOLUTE
    source\\LOADER.c                         0x00000000   Number         0  loader.o ABSOLUTE
    RESET                                    0x20000000   Section      192  startup_mdr32f9qx.o(RESET)
    !!!main                                  0x200000c0   Section        8  __main.o(!!!main)
    !!!scatter                               0x200000c8   Section       52  __scatter.o(!!!scatter)
    !!handler_copy                           0x200000fc   Section       26  __scatter_copy.o(!!handler_copy)
    !!handler_zi                             0x20000118   Section       28  __scatter_zi.o(!!handler_zi)
    .ARM.Collect$$libinit$$00000000          0x20000134   Section        2  libinit.o(.ARM.Collect$$libinit$$00000000)
    .ARM.Collect$$libinit$$00000002          0x20000136   Section        0  libinit2.o(.ARM.Collect$$libinit$$00000002)
    .ARM.Collect$$libinit$$00000004          0x20000136   Section        0  libinit2.o(.ARM.Collect$$libinit$$00000004)
    .ARM.Collect$$libinit$$0000000A          0x20000136   Section        0  libinit2.o(.ARM.Collect$$libinit$$0000000A)
    .ARM.Collect$$libinit$$0000000C          0x20000136   Section        0  libinit2.o(.ARM.Collect$$libinit$$0000000C)
    .ARM.Collect$$libinit$$0000000E          0x20000136   Section        0  libinit2.o(.ARM.Collect$$libinit$$0000000E)
    .ARM.Collect$$libinit$$00000011          0x20000136   Section        0  libinit2.o(.ARM.Collect$$libinit$$00000011)
    .ARM.Collect$$libinit$$00000013          0x20000136   Section        0  libinit2.o(.ARM.Collect$$libinit$$00000013)
    .ARM.Collect$$libinit$$00000015          0x20000136   Section        0  libinit2.o(.ARM.Collect$$libinit$$00000015)
    .ARM.Collect$$libinit$$00000017          0x20000136   Section        0  libinit2.o(.ARM.Collect$$libinit$$00000017)
    .ARM.Collect$$libinit$$00000019          0x20000136   Section        0  libinit2.o(.ARM.Collect$$libinit$$00000019)
    .ARM.Collect$$libinit$$0000001B          0x20000136   Section        0  libinit2.o(.ARM.Collect$$libinit$$0000001B)
    .ARM.Collect$$libinit$$0000001D          0x20000136   Section        0  libinit2.o(.ARM.Collect$$libinit$$0000001D)
    .ARM.Collect$$libinit$$0000001F          0x20000136   Section        0  libinit2.o(.ARM.Collect$$libinit$$0000001F)
    .ARM.Collect$$libinit$$00000021          0x20000136   Section        0  libinit2.o(.ARM.Collect$$libinit$$00000021)
    .ARM.Collect$$libinit$$00000023          0x20000136   Section        0  libinit2.o(.ARM.Collect$$libinit$$00000023)
    .ARM.Collect$$libinit$$00000025          0x20000136   Section        0  libinit2.o(.ARM.Collect$$libinit$$00000025)
    .ARM.Collect$$libinit$$0000002C          0x20000136   Section        0  libinit2.o(.ARM.Collect$$libinit$$0000002C)
    .ARM.Collect$$libinit$$0000002E          0x20000136   Section        0  libinit2.o(.ARM.Collect$$libinit$$0000002E)
    .ARM.Collect$$libinit$$00000030          0x20000136   Section        0  libinit2.o(.ARM.Collect$$libinit$$00000030)
    .ARM.Collect$$libinit$$00000032          0x20000136   Section        0  libinit2.o(.ARM.Collect$$libinit$$00000032)
    .ARM.Collect$$libinit$$00000033          0x20000136   Section        2  libinit2.o(.ARM.Collect$$libinit$$00000033)
    .ARM.Collect$$libshutdown$$00000000      0x20000138   Section        2  libshutdown.o(.ARM.Collect$$libshutdown$$00000000)
    .ARM.Collect$$libshutdown$$00000002      0x2000013a   Section        0  libshutdown2.o(.ARM.Collect$$libshutdown$$00000002)
    .ARM.Collect$$libshutdown$$00000004      0x2000013a   Section        0  libshutdown2.o(.ARM.Collect$$libshutdown$$00000004)
    .ARM.Collect$$libshutdown$$00000007      0x2000013a   Section        0  libshutdown2.o(.ARM.Collect$$libshutdown$$00000007)
    .ARM.Collect$$libshutdown$$0000000A      0x2000013a   Section        0  libshutdown2.o(.ARM.Collect$$libshutdown$$0000000A)
    .ARM.Collect$$libshutdown$$0000000C      0x2000013a   Section        0  libshutdown2.o(.ARM.Collect$$libshutdown$$0000000C)
    .ARM.Collect$$libshutdown$$0000000F      0x2000013a   Section        0  libshutdown2.o(.ARM.Collect$$libshutdown$$0000000F)
    .ARM.Collect$$libshutdown$$00000010      0x2000013a   Section        2  libshutdown2.o(.ARM.Collect$$libshutdown$$00000010)
    .ARM.Collect$$rtentry$$00000000          0x2000013c   Section        0  __rtentry.o(.ARM.Collect$$rtentry$$00000000)
    .ARM.Collect$$rtentry$$00000002          0x2000013c   Section        0  __rtentry2.o(.ARM.Collect$$rtentry$$00000002)
    .ARM.Collect$$rtentry$$00000004          0x2000013c   Section        6  __rtentry4.o(.ARM.Collect$$rtentry$$00000004)
    .ARM.Collect$$rtentry$$00000009          0x20000142   Section        0  __rtentry2.o(.ARM.Collect$$rtentry$$00000009)
    .ARM.Collect$$rtentry$$0000000A          0x20000142   Section        4  __rtentry2.o(.ARM.Collect$$rtentry$$0000000A)
    .ARM.Collect$$rtentry$$0000000C          0x20000146   Section        0  __rtentry2.o(.ARM.Collect$$rtentry$$0000000C)
    .ARM.Collect$$rtentry$$0000000D          0x20000146   Section        8  __rtentry2.o(.ARM.Collect$$rtentry$$0000000D)
    .ARM.Collect$$rtexit$$00000000           0x2000014e   Section        2  rtexit.o(.ARM.Collect$$rtexit$$00000000)
    .ARM.Collect$$rtexit$$00000002           0x20000150   Section        0  rtexit2.o(.ARM.Collect$$rtexit$$00000002)
    .ARM.Collect$$rtexit$$00000003           0x20000150   Section        4  rtexit2.o(.ARM.Collect$$rtexit$$00000003)
    .ARM.Collect$$rtexit$$00000004           0x20000154   Section        6  rtexit2.o(.ARM.Collect$$rtexit$$00000004)
    .text                                    0x2000015c   Section       64  startup_mdr32f9qx.o(.text)
    .text                                    0x2000019c   Section        0  strcpy.o(.text)
    .text                                    0x200001e4   Section        0  strlen.o(.text)
    .text                                    0x20000222   Section      138  rt_memcpy_v6.o(.text)
    .text                                    0x200002ac   Section        0  heapauxi.o(.text)
    .text                                    0x200002b2   Section      100  rt_memcpy_w.o(.text)
    .text                                    0x20000316   Section       74  sys_stackheap_outer.o(.text)
    .text                                    0x20000360   Section        0  exit.o(.text)
    .text                                    0x20000374   Section        8  libspace.o(.text)
    .text                                    0x2000037c   Section        0  sys_exit.o(.text)
    .text                                    0x20000388   Section        2  use_no_semi.o(.text)
    .text                                    0x2000038a   Section        0  indicate_semi.o(.text)
    i.SEGGER_RTT_ConfigUpBuffer              0x2000038c   Section        0  segger_rtt.o(i.SEGGER_RTT_ConfigUpBuffer)
    i.SEGGER_RTT_Write                       0x2000041c   Section        0  segger_rtt.o(i.SEGGER_RTT_Write)
    i.SEGGER_RTT_WriteNoLock                 0x2000044c   Section        0  segger_rtt.o(i.SEGGER_RTT_WriteNoLock)
    i.SEGGER_RTT_WriteString                 0x200004d0   Section        0  segger_rtt.o(i.SEGGER_RTT_WriteString)
    i.SEGGER_RTT_printf                      0x200004ea   Section        0  segger_rtt_printf.o(i.SEGGER_RTT_printf)
    i.SEGGER_RTT_vprintf                     0x20000504   Section        0  segger_rtt_printf.o(i.SEGGER_RTT_vprintf)
    i.SystemCoreClockUpdate                  0x20000710   Section        0  system_mdr32f9qx.o(i.SystemCoreClockUpdate)
    i.SystemInit                             0x200007b0   Section        0  system_mdr32f9qx.o(i.SystemInit)
    i._DoInit                                0x20000814   Section        0  segger_rtt.o(i._DoInit)
    _DoInit                                  0x20000815   Thumb Code    74  segger_rtt.o(i._DoInit)
    i._GetAvailWriteSpace                    0x20000884   Section        0  segger_rtt.o(i._GetAvailWriteSpace)
    _GetAvailWriteSpace                      0x20000885   Thumb Code    28  segger_rtt.o(i._GetAvailWriteSpace)
    i._PrintInt                              0x200008a0   Section        0  segger_rtt_printf.o(i._PrintInt)
    _PrintInt                                0x200008a1   Thumb Code   236  segger_rtt_printf.o(i._PrintInt)
    i._PrintUnsigned                         0x2000098c   Section        0  segger_rtt_printf.o(i._PrintUnsigned)
    _PrintUnsigned                           0x2000098d   Thumb Code   230  segger_rtt_printf.o(i._PrintUnsigned)
    i._StoreChar                             0x20000a78   Section        0  segger_rtt_printf.o(i._StoreChar)
    _StoreChar                               0x20000a79   Thumb Code    68  segger_rtt_printf.o(i._StoreChar)
    i._WriteBlocking                         0x20000abc   Section        0  segger_rtt.o(i._WriteBlocking)
    _WriteBlocking                           0x20000abd   Thumb Code   114  segger_rtt.o(i._WriteBlocking)
    i._WriteNoCheck                          0x20000b2e   Section        0  segger_rtt.o(i._WriteNoCheck)
    _WriteNoCheck                            0x20000b2f   Thumb Code    76  segger_rtt.o(i._WriteNoCheck)
    i.eeprom_erase                           0x20000b7c   Section        0  loader.o(i.eeprom_erase)
    i.eeprom_write_block                     0x20000c30   Section        0  loader.o(i.eeprom_write_block)
    i.main                                   0x20000dd8   Section        0  loader.o(i.main)
    i.usleep                                 0x20000eb4   Section        0  loader.o(i.usleep)
    .constdata                               0x20000ed8   Section       16  segger_rtt_printf.o(.constdata)
    _aV2C                                    0x20000ed8   Data          16  segger_rtt_printf.o(.constdata)
    .data                                    0x20002000   Section        4  system_mdr32f9qx.o(.data)
    .bss                                     0x20002004   Section    16400  loader.o(.bss)
    .bss                                     0x20006014   Section     1160  segger_rtt.o(.bss)
    _acUpBuffer                              0x20006014   Data        1024  segger_rtt.o(.bss)
    _acDownBuffer                            0x20006414   Data          16  segger_rtt.o(.bss)
    .bss                                     0x2000649c   Section       96  libspace.o(.bss)
    HEAP                                     0x20006500   Section      256  startup_mdr32f9qx.o(HEAP)
    Heap_Mem                                 0x20006500   Data         256  startup_mdr32f9qx.o(HEAP)
    STACK                                    0x20006600   Section     4096  startup_mdr32f9qx.o(STACK)
    Stack_Mem                                0x20006600   Data        4096  startup_mdr32f9qx.o(STACK)
    __initial_sp                             0x20007600   Data           0  startup_mdr32f9qx.o(STACK)

    Global Symbols

    Symbol Name                              Value     Ov Type        Size  Object(Section)

    BuildAttributes$$THM_ISAv4$P$D$K$B$S$PE$A:L22UL41UL21$X:L11$S22US41US21$IEEE1$IW$USESV6$~STKCKD$USESV7$~SHL$OSPACE$ROPI$EBA8$UX$STANDARDLIB$REQ8$PRES8$EABIv2 0x00000000   Number         0  anon$$obj.o ABSOLUTE
    __ARM_use_no_argv                        0x00000000   Number         0  loader.o ABSOLUTE
    __ARM_exceptions_init                     - Undefined Weak Reference
    __alloca_initialize                       - Undefined Weak Reference
    __arm_preinit_                            - Undefined Weak Reference
    __cpp_initialize__aeabi_                  - Undefined Weak Reference
    __cxa_finalize                            - Undefined Weak Reference
    __rt_locale                               - Undefined Weak Reference
    __sigvec_lookup                           - Undefined Weak Reference
    _atexit_init                              - Undefined Weak Reference
    _call_atexit_fns                          - Undefined Weak Reference
    _clock_init                               - Undefined Weak Reference
    _fp_trap_init                             - Undefined Weak Reference
    _fp_trap_shutdown                         - Undefined Weak Reference
    _get_lc_collate                           - Undefined Weak Reference
    _get_lc_ctype                             - Undefined Weak Reference
    _get_lc_monetary                          - Undefined Weak Reference
    _get_lc_numeric                           - Undefined Weak Reference
    _get_lc_time                              - Undefined Weak Reference
    _getenv_init                              - Undefined Weak Reference
    _handle_redirection                       - Undefined Weak Reference
    _init_alloc                               - Undefined Weak Reference
    _init_user_alloc                          - Undefined Weak Reference
    _initio                                   - Undefined Weak Reference
    _rand_init                                - Undefined Weak Reference
    _signal_finish                            - Undefined Weak Reference
    _signal_init                              - Undefined Weak Reference
    _terminate_alloc                          - Undefined Weak Reference
    _terminate_user_alloc                     - Undefined Weak Reference
    _terminateio                              - Undefined Weak Reference
    __Vectors_Size                           0x000000c0   Number         0  startup_mdr32f9qx.o ABSOLUTE
    __Vectors                                0x20000000   Data           4  startup_mdr32f9qx.o(RESET)
    __Vectors_End                            0x200000c0   Data           0  startup_mdr32f9qx.o(RESET)
    __main                                   0x200000c1   Thumb Code     8  __main.o(!!!main)
    __scatterload                            0x200000c9   Thumb Code     0  __scatter.o(!!!scatter)
    __scatterload_rt2                        0x200000c9   Thumb Code    44  __scatter.o(!!!scatter)
    __scatterload_rt2_thumb_only             0x200000c9   Thumb Code     0  __scatter.o(!!!scatter)
    __scatterload_null                       0x200000d7   Thumb Code     0  __scatter.o(!!!scatter)
    __scatterload_copy                       0x200000fd   Thumb Code    26  __scatter_copy.o(!!handler_copy)
    __scatterload_zeroinit                   0x20000119   Thumb Code    28  __scatter_zi.o(!!handler_zi)
    __rt_lib_init                            0x20000135   Thumb Code     0  libinit.o(.ARM.Collect$$libinit$$00000000)
    __rt_lib_init_alloca_1                   0x20000137   Thumb Code     0  libinit2.o(.ARM.Collect$$libinit$$0000002E)
    __rt_lib_init_argv_1                     0x20000137   Thumb Code     0  libinit2.o(.ARM.Collect$$libinit$$0000002C)
    __rt_lib_init_atexit_1                   0x20000137   Thumb Code     0  libinit2.o(.ARM.Collect$$libinit$$0000001B)
    __rt_lib_init_clock_1                    0x20000137   Thumb Code     0  libinit2.o(.ARM.Collect$$libinit$$00000021)
    __rt_lib_init_cpp_1                      0x20000137   Thumb Code     0  libinit2.o(.ARM.Collect$$libinit$$00000032)
    __rt_lib_init_exceptions_1               0x20000137   Thumb Code     0  libinit2.o(.ARM.Collect$$libinit$$00000030)
    __rt_lib_init_fp_1                       0x20000137   Thumb Code     0  libinit2.o(.ARM.Collect$$libinit$$00000002)
    __rt_lib_init_fp_trap_1                  0x20000137   Thumb Code     0  libinit2.o(.ARM.Collect$$libinit$$0000001F)
    __rt_lib_init_getenv_1                   0x20000137   Thumb Code     0  libinit2.o(.ARM.Collect$$libinit$$00000023)
    __rt_lib_init_heap_1                     0x20000137   Thumb Code     0  libinit2.o(.ARM.Collect$$libinit$$0000000A)
    __rt_lib_init_lc_collate_1               0x20000137   Thumb Code     0  libinit2.o(.ARM.Collect$$libinit$$00000011)
    __rt_lib_init_lc_ctype_1                 0x20000137   Thumb Code     0  libinit2.o(.ARM.Collect$$libinit$$00000013)
    __rt_lib_init_lc_monetary_1              0x20000137   Thumb Code     0  libinit2.o(.ARM.Collect$$libinit$$00000015)
    __rt_lib_init_lc_numeric_1               0x20000137   Thumb Code     0  libinit2.o(.ARM.Collect$$libinit$$00000017)
    __rt_lib_init_lc_time_1                  0x20000137   Thumb Code     0  libinit2.o(.ARM.Collect$$libinit$$00000019)
    __rt_lib_init_preinit_1                  0x20000137   Thumb Code     0  libinit2.o(.ARM.Collect$$libinit$$00000004)
    __rt_lib_init_rand_1                     0x20000137   Thumb Code     0  libinit2.o(.ARM.Collect$$libinit$$0000000E)
    __rt_lib_init_return                     0x20000137   Thumb Code     0  libinit2.o(.ARM.Collect$$libinit$$00000033)
    __rt_lib_init_signal_1                   0x20000137   Thumb Code     0  libinit2.o(.ARM.Collect$$libinit$$0000001D)
    __rt_lib_init_stdio_1                    0x20000137   Thumb Code     0  libinit2.o(.ARM.Collect$$libinit$$00000025)
    __rt_lib_init_user_alloc_1               0x20000137   Thumb Code     0  libinit2.o(.ARM.Collect$$libinit$$0000000C)
    __rt_lib_shutdown                        0x20000139   Thumb Code     0  libshutdown.o(.ARM.Collect$$libshutdown$$00000000)
    __rt_lib_shutdown_cpp_1                  0x2000013b   Thumb Code     0  libshutdown2.o(.ARM.Collect$$libshutdown$$00000002)
    __rt_lib_shutdown_fp_trap_1              0x2000013b   Thumb Code     0  libshutdown2.o(.ARM.Collect$$libshutdown$$00000007)
    __rt_lib_shutdown_heap_1                 0x2000013b   Thumb Code     0  libshutdown2.o(.ARM.Collect$$libshutdown$$0000000F)
    __rt_lib_shutdown_return                 0x2000013b   Thumb Code     0  libshutdown2.o(.ARM.Collect$$libshutdown$$00000010)
    __rt_lib_shutdown_signal_1               0x2000013b   Thumb Code     0  libshutdown2.o(.ARM.Collect$$libshutdown$$0000000A)
    __rt_lib_shutdown_stdio_1                0x2000013b   Thumb Code     0  libshutdown2.o(.ARM.Collect$$libshutdown$$00000004)
    __rt_lib_shutdown_user_alloc_1           0x2000013b   Thumb Code     0  libshutdown2.o(.ARM.Collect$$libshutdown$$0000000C)
    __rt_entry                               0x2000013d   Thumb Code     0  __rtentry.o(.ARM.Collect$$rtentry$$00000000)
    __rt_entry_presh_1                       0x2000013d   Thumb Code     0  __rtentry2.o(.ARM.Collect$$rtentry$$00000002)
    __rt_entry_sh                            0x2000013d   Thumb Code     0  __rtentry4.o(.ARM.Collect$$rtentry$$00000004)
    __rt_entry_li                            0x20000143   Thumb Code     0  __rtentry2.o(.ARM.Collect$$rtentry$$0000000A)
    __rt_entry_postsh_1                      0x20000143   Thumb Code     0  __rtentry2.o(.ARM.Collect$$rtentry$$00000009)
    __rt_entry_main                          0x20000147   Thumb Code     0  __rtentry2.o(.ARM.Collect$$rtentry$$0000000D)
    __rt_entry_postli_1                      0x20000147   Thumb Code     0  __rtentry2.o(.ARM.Collect$$rtentry$$0000000C)
    __rt_exit                                0x2000014f   Thumb Code     0  rtexit.o(.ARM.Collect$$rtexit$$00000000)
    __rt_exit_ls                             0x20000151   Thumb Code     0  rtexit2.o(.ARM.Collect$$rtexit$$00000003)
    __rt_exit_prels_1                        0x20000151   Thumb Code     0  rtexit2.o(.ARM.Collect$$rtexit$$00000002)
    __rt_exit_exit                           0x20000155   Thumb Code     0  rtexit2.o(.ARM.Collect$$rtexit$$00000004)
    Reset_Handler                            0x2000015d   Thumb Code     8  startup_mdr32f9qx.o(.text)
    NMI_Handler                              0x20000165   Thumb Code     2  startup_mdr32f9qx.o(.text)
    HardFault_Handler                        0x20000167   Thumb Code     2  startup_mdr32f9qx.o(.text)
    MemManage_Handler                        0x20000169   Thumb Code     2  startup_mdr32f9qx.o(.text)
    BusFault_Handler                         0x2000016b   Thumb Code     2  startup_mdr32f9qx.o(.text)
    UsageFault_Handler                       0x2000016d   Thumb Code     2  startup_mdr32f9qx.o(.text)
    SVC_Handler                              0x2000016f   Thumb Code     2  startup_mdr32f9qx.o(.text)
    DebugMon_Handler                         0x20000171   Thumb Code     2  startup_mdr32f9qx.o(.text)
    PendSV_Handler                           0x20000173   Thumb Code     2  startup_mdr32f9qx.o(.text)
    SysTick_Handler                          0x20000175   Thumb Code     2  startup_mdr32f9qx.o(.text)
    ADC_IRQHandler                           0x20000177   Thumb Code     0  startup_mdr32f9qx.o(.text)
    BACKUP_IRQHandler                        0x20000177   Thumb Code     0  startup_mdr32f9qx.o(.text)
    CAN1_IRQHandler                          0x20000177   Thumb Code     0  startup_mdr32f9qx.o(.text)
    CAN2_IRQHandler                          0x20000177   Thumb Code     0  startup_mdr32f9qx.o(.text)
    COMPARATOR_IRQHandler                    0x20000177   Thumb Code     0  startup_mdr32f9qx.o(.text)
    DMA_IRQHandler                           0x20000177   Thumb Code     0  startup_mdr32f9qx.o(.text)
    EXT_INT1_IRQHandler                      0x20000177   Thumb Code     0  startup_mdr32f9qx.o(.text)
    EXT_INT2_IRQHandler                      0x20000177   Thumb Code     0  startup_mdr32f9qx.o(.text)
    EXT_INT3_IRQHandler                      0x20000177   Thumb Code     0  startup_mdr32f9qx.o(.text)
    EXT_INT4_IRQHandler                      0x20000177   Thumb Code     0  startup_mdr32f9qx.o(.text)
    I2C_IRQHandler                           0x20000177   Thumb Code     0  startup_mdr32f9qx.o(.text)
    POWER_IRQHandler                         0x20000177   Thumb Code     0  startup_mdr32f9qx.o(.text)
    SSP1_IRQHandler                          0x20000177   Thumb Code     0  startup_mdr32f9qx.o(.text)
    SSP2_IRQHandler                          0x20000177   Thumb Code     0  startup_mdr32f9qx.o(.text)
    Timer1_IRQHandler                        0x20000177   Thumb Code     0  startup_mdr32f9qx.o(.text)
    Timer2_IRQHandler                        0x20000177   Thumb Code     0  startup_mdr32f9qx.o(.text)
    Timer3_IRQHandler                        0x20000177   Thumb Code     0  startup_mdr32f9qx.o(.text)
    UART1_IRQHandler                         0x20000177   Thumb Code     0  startup_mdr32f9qx.o(.text)
    UART2_IRQHandler                         0x20000177   Thumb Code     0  startup_mdr32f9qx.o(.text)
    USB_IRQHandler                           0x20000177   Thumb Code     0  startup_mdr32f9qx.o(.text)
    WWDG_IRQHandler                          0x20000177   Thumb Code     0  startup_mdr32f9qx.o(.text)
    __user_initial_stackheap                 0x20000179   Thumb Code     0  startup_mdr32f9qx.o(.text)
    strcpy                                   0x2000019d   Thumb Code    72  strcpy.o(.text)
    strlen                                   0x200001e5   Thumb Code    62  strlen.o(.text)
    __aeabi_memcpy                           0x20000223   Thumb Code     0  rt_memcpy_v6.o(.text)
    __rt_memcpy                              0x20000223   Thumb Code   138  rt_memcpy_v6.o(.text)
    _memcpy_lastbytes                        0x20000289   Thumb Code     0  rt_memcpy_v6.o(.text)
    __use_two_region_memory                  0x200002ad   Thumb Code     2  heapauxi.o(.text)
    __rt_heap_escrow$2region                 0x200002af   Thumb Code     2  heapauxi.o(.text)
    __rt_heap_expand$2region                 0x200002b1   Thumb Code     2  heapauxi.o(.text)
    __aeabi_memcpy4                          0x200002b3   Thumb Code     0  rt_memcpy_w.o(.text)
    __aeabi_memcpy8                          0x200002b3   Thumb Code     0  rt_memcpy_w.o(.text)
    __rt_memcpy_w                            0x200002b3   Thumb Code   100  rt_memcpy_w.o(.text)
    _memcpy_lastbytes_aligned                0x200002fb   Thumb Code     0  rt_memcpy_w.o(.text)
    __user_setup_stackheap                   0x20000317   Thumb Code    74  sys_stackheap_outer.o(.text)
    exit                                     0x20000361   Thumb Code    18  exit.o(.text)
    __user_libspace                          0x20000375   Thumb Code     8  libspace.o(.text)
    __user_perproc_libspace                  0x20000375   Thumb Code     0  libspace.o(.text)
    __user_perthread_libspace                0x20000375   Thumb Code     0  libspace.o(.text)
    _sys_exit                                0x2000037d   Thumb Code     8  sys_exit.o(.text)
    __I$use$semihosting                      0x20000389   Thumb Code     0  use_no_semi.o(.text)
    __use_no_semihosting_swi                 0x20000389   Thumb Code     2  use_no_semi.o(.text)
    __semihosting_library_function           0x2000038b   Thumb Code     0  indicate_semi.o(.text)
    SEGGER_RTT_ConfigUpBuffer                0x2000038d   Thumb Code   138  segger_rtt.o(i.SEGGER_RTT_ConfigUpBuffer)
    SEGGER_RTT_Write                         0x2000041d   Thumb Code    42  segger_rtt.o(i.SEGGER_RTT_Write)
    SEGGER_RTT_WriteNoLock                   0x2000044d   Thumb Code   126  segger_rtt.o(i.SEGGER_RTT_WriteNoLock)
    SEGGER_RTT_WriteString                   0x200004d1   Thumb Code    26  segger_rtt.o(i.SEGGER_RTT_WriteString)
    SEGGER_RTT_printf                        0x200004eb   Thumb Code    26  segger_rtt_printf.o(i.SEGGER_RTT_printf)
    SEGGER_RTT_vprintf                       0x20000505   Thumb Code   522  segger_rtt_printf.o(i.SEGGER_RTT_vprintf)
    SystemCoreClockUpdate                    0x20000711   Thumb Code   146  system_mdr32f9qx.o(i.SystemCoreClockUpdate)
    SystemInit                               0x200007b1   Thumb Code    86  system_mdr32f9qx.o(i.SystemInit)
    eeprom_erase                             0x20000b7d   Thumb Code   152  loader.o(i.eeprom_erase)
    eeprom_write_block                       0x20000c31   Thumb Code   280  loader.o(i.eeprom_write_block)
    main                                     0x20000dd9   Thumb Code   136  loader.o(i.main)
    usleep                                   0x20000eb5   Thumb Code    28  loader.o(i.usleep)
    Region$$Table$$Base                      0x20000ee8   Number         0  anon$$obj.o(Region$$Table)
    Region$$Table$$Limit                     0x20000f08   Number         0  anon$$obj.o(Region$$Table)
    SystemCoreClock                          0x20002000   Data           4  system_mdr32f9qx.o(.data)
    iface                                    0x20002004   Data       16400  loader.o(.bss)
    _SEGGER_RTT                              0x20006424   Data         120  segger_rtt.o(.bss)
    __libspace_start                         0x2000649c   Data          96  libspace.o(.bss)
    __temporary_stack_top$libspace           0x200064fc   Data           0  libspace.o(.bss)



==============================================================================

Memory Map of the image

  Image Entry point : 0x200000c1

  Load Region LR_IROM2 (Base: 0x20000000, Size: 0x00000f0c, Max: 0x00002000, ABSOLUTE)

    Execution Region ER_IROM2 (Base: 0x20000000, Size: 0x00000f08, Max: 0x00002000, ABSOLUTE)

    Base Addr    Size         Type   Attr      Idx    E Section Name        Object

    0x20000000   0x000000c0   Data   RO           10    RESET               startup_mdr32f9qx.o
    0x200000c0   0x00000008   Code   RO           55  * !!!main             c_w.l(__main.o)
    0x200000c8   0x00000034   Code   RO          181    !!!scatter          c_w.l(__scatter.o)
    0x200000fc   0x0000001a   Code   RO          182    !!handler_copy      c_w.l(__scatter_copy.o)
    0x20000116   0x00000002   PAD
    0x20000118   0x0000001c   Code   RO          183    !!handler_zi        c_w.l(__scatter_zi.o)
    0x20000134   0x00000002   Code   RO           78    .ARM.Collect$$libinit$$00000000  c_w.l(libinit.o)
    0x20000136   0x00000000   Code   RO           84    .ARM.Collect$$libinit$$00000002  c_w.l(libinit2.o)
    0x20000136   0x00000000   Code   RO           86    .ARM.Collect$$libinit$$00000004  c_w.l(libinit2.o)
    0x20000136   0x00000000   Code   RO           89    .ARM.Collect$$libinit$$0000000A  c_w.l(libinit2.o)
    0x20000136   0x00000000   Code   RO           91    .ARM.Collect$$libinit$$0000000C  c_w.l(libinit2.o)
    0x20000136   0x00000000   Code   RO           93    .ARM.Collect$$libinit$$0000000E  c_w.l(libinit2.o)
    0x20000136   0x00000000   Code   RO           96    .ARM.Collect$$libinit$$00000011  c_w.l(libinit2.o)
    0x20000136   0x00000000   Code   RO           98    .ARM.Collect$$libinit$$00000013  c_w.l(libinit2.o)
    0x20000136   0x00000000   Code   RO          100    .ARM.Collect$$libinit$$00000015  c_w.l(libinit2.o)
    0x20000136   0x00000000   Code   RO          102    .ARM.Collect$$libinit$$00000017  c_w.l(libinit2.o)
    0x20000136   0x00000000   Code   RO          104    .ARM.Collect$$libinit$$00000019  c_w.l(libinit2.o)
    0x20000136   0x00000000   Code   RO          106    .ARM.Collect$$libinit$$0000001B  c_w.l(libinit2.o)
    0x20000136   0x00000000   Code   RO          108    .ARM.Collect$$libinit$$0000001D  c_w.l(libinit2.o)
    0x20000136   0x00000000   Code   RO          110    .ARM.Collect$$libinit$$0000001F  c_w.l(libinit2.o)
    0x20000136   0x00000000   Code   RO          112    .ARM.Collect$$libinit$$00000021  c_w.l(libinit2.o)
    0x20000136   0x00000000   Code   RO          114    .ARM.Collect$$libinit$$00000023  c_w.l(libinit2.o)
    0x20000136   0x00000000   Code   RO          116    .ARM.Collect$$libinit$$00000025  c_w.l(libinit2.o)
    0x20000136   0x00000000   Code   RO          120    .ARM.Collect$$libinit$$0000002C  c_w.l(libinit2.o)
    0x20000136   0x00000000   Code   RO          122    .ARM.Collect$$libinit$$0000002E  c_w.l(libinit2.o)
    0x20000136   0x00000000   Code   RO          124    .ARM.Collect$$libinit$$00000030  c_w.l(libinit2.o)
    0x20000136   0x00000000   Code   RO          126    .ARM.Collect$$libinit$$00000032  c_w.l(libinit2.o)
    0x20000136   0x00000002   Code   RO          127    .ARM.Collect$$libinit$$00000033  c_w.l(libinit2.o)
    0x20000138   0x00000002   Code   RO          141    .ARM.Collect$$libshutdown$$00000000  c_w.l(libshutdown.o)
    0x2000013a   0x00000000   Code   RO          149    .ARM.Collect$$libshutdown$$00000002  c_w.l(libshutdown2.o)
    0x2000013a   0x00000000   Code   RO          151    .ARM.Collect$$libshutdown$$00000004  c_w.l(libshutdown2.o)
    0x2000013a   0x00000000   Code   RO          154    .ARM.Collect$$libshutdown$$00000007  c_w.l(libshutdown2.o)
    0x2000013a   0x00000000   Code   RO          157    .ARM.Collect$$libshutdown$$0000000A  c_w.l(libshutdown2.o)
    0x2000013a   0x00000000   Code   RO          159    .ARM.Collect$$libshutdown$$0000000C  c_w.l(libshutdown2.o)
    0x2000013a   0x00000000   Code   RO          162    .ARM.Collect$$libshutdown$$0000000F  c_w.l(libshutdown2.o)
    0x2000013a   0x00000002   Code   RO          163    .ARM.Collect$$libshutdown$$00000010  c_w.l(libshutdown2.o)
    0x2000013c   0x00000000   Code   RO           56    .ARM.Collect$$rtentry$$00000000  c_w.l(__rtentry.o)
    0x2000013c   0x00000000   Code   RO           59    .ARM.Collect$$rtentry$$00000002  c_w.l(__rtentry2.o)
    0x2000013c   0x00000006   Code   RO           71    .ARM.Collect$$rtentry$$00000004  c_w.l(__rtentry4.o)
    0x20000142   0x00000000   Code   RO           61    .ARM.Collect$$rtentry$$00000009  c_w.l(__rtentry2.o)
    0x20000142   0x00000004   Code   RO           62    .ARM.Collect$$rtentry$$0000000A  c_w.l(__rtentry2.o)
    0x20000146   0x00000000   Code   RO           64    .ARM.Collect$$rtentry$$0000000C  c_w.l(__rtentry2.o)
    0x20000146   0x00000008   Code   RO           65    .ARM.Collect$$rtentry$$0000000D  c_w.l(__rtentry2.o)
    0x2000014e   0x00000002   Code   RO           81    .ARM.Collect$$rtexit$$00000000  c_w.l(rtexit.o)
    0x20000150   0x00000000   Code   RO          129    .ARM.Collect$$rtexit$$00000002  c_w.l(rtexit2.o)
    0x20000150   0x00000004   Code   RO          130    .ARM.Collect$$rtexit$$00000003  c_w.l(rtexit2.o)
    0x20000154   0x00000006   Code   RO          131    .ARM.Collect$$rtexit$$00000004  c_w.l(rtexit2.o)
    0x2000015a   0x00000002   PAD
    0x2000015c   0x00000040   Code   RO           11    .text               startup_mdr32f9qx.o
    0x2000019c   0x00000048   Code   RO           51    .text               c_w.l(strcpy.o)
    0x200001e4   0x0000003e   Code   RO           52    .text               c_w.l(strlen.o)
    0x20000222   0x0000008a   Code   RO           53    .text               c_w.l(rt_memcpy_v6.o)
    0x200002ac   0x00000006   Code   RO           54    .text               c_w.l(heapauxi.o)
    0x200002b2   0x00000064   Code   RO           57    .text               c_w.l(rt_memcpy_w.o)
    0x20000316   0x0000004a   Code   RO           73    .text               c_w.l(sys_stackheap_outer.o)
    0x20000360   0x00000012   Code   RO           74    .text               c_w.l(exit.o)
    0x20000372   0x00000002   PAD
    0x20000374   0x00000008   Code   RO           79    .text               c_w.l(libspace.o)
    0x2000037c   0x0000000c   Code   RO          137    .text               c_w.l(sys_exit.o)
    0x20000388   0x00000002   Code   RO          143    .text               c_w.l(use_no_semi.o)
    0x2000038a   0x00000000   Code   RO          144    .text               c_w.l(indicate_semi.o)
    0x2000038a   0x00000002   PAD
    0x2000038c   0x00000090   Code   RO           20    i.SEGGER_RTT_ConfigUpBuffer  segger_rtt.o
    0x2000041c   0x00000030   Code   RO           32    i.SEGGER_RTT_Write  segger_rtt.o
    0x2000044c   0x00000084   Code   RO           33    i.SEGGER_RTT_WriteNoLock  segger_rtt.o
    0x200004d0   0x0000001a   Code   RO           35    i.SEGGER_RTT_WriteString  segger_rtt.o
    0x200004ea   0x0000001a   Code   RO           43    i.SEGGER_RTT_printf  segger_rtt_printf.o
    0x20000504   0x0000020a   Code   RO           44    i.SEGGER_RTT_vprintf  segger_rtt_printf.o
    0x2000070e   0x00000002   PAD
    0x20000710   0x000000a0   Code   RO           14    i.SystemCoreClockUpdate  system_mdr32f9qx.o
    0x200007b0   0x00000064   Code   RO           15    i.SystemInit        system_mdr32f9qx.o
    0x20000814   0x00000070   Code   RO           36    i._DoInit           segger_rtt.o
    0x20000884   0x0000001c   Code   RO           37    i._GetAvailWriteSpace  segger_rtt.o
    0x200008a0   0x000000ec   Code   RO           45    i._PrintInt         segger_rtt_printf.o
    0x2000098c   0x000000ec   Code   RO           46    i._PrintUnsigned    segger_rtt_printf.o
    0x20000a78   0x00000044   Code   RO           47    i._StoreChar        segger_rtt_printf.o
    0x20000abc   0x00000072   Code   RO           39    i._WriteBlocking    segger_rtt.o
    0x20000b2e   0x0000004c   Code   RO           40    i._WriteNoCheck     segger_rtt.o
    0x20000b7a   0x00000002   PAD
    0x20000b7c   0x000000b4   Code   RO            3    i.eeprom_erase      loader.o
    0x20000c30   0x000001a8   Code   RO            4    i.eeprom_write_block  loader.o
    0x20000dd8   0x000000dc   Code   RO            5    i.main              loader.o
    0x20000eb4   0x00000024   Code   RO            6    i.usleep            loader.o
    0x20000ed8   0x00000010   Data   RO           48    .constdata          segger_rtt_printf.o
    0x20000ee8   0x00000020   Data   RO          179    Region$$Table       anon$$obj.o


    Execution Region RW_IRAM2 (Base: 0x20002000, Size: 0x00005600, Max: 0x00006000, ABSOLUTE)

    Base Addr    Size         Type   Attr      Idx    E Section Name        Object

    0x20002000   0x00000004   Data   RW           16    .data               system_mdr32f9qx.o
    0x20002004   0x00004010   Zero   RW            7    .bss                loader.o
    0x20006014   0x00000488   Zero   RW           41    .bss                segger_rtt.o
    0x2000649c   0x00000060   Zero   RW           80    .bss                c_w.l(libspace.o)
    0x200064fc   0x00000004   PAD
    0x20006500   0x00000100   Zero   RW            9    HEAP                startup_mdr32f9qx.o
    0x20006600   0x00001000   Zero   RW            8    STACK               startup_mdr32f9qx.o


==============================================================================

Image component sizes


      Code (inc. data)   RO Data    RW Data    ZI Data      Debug   Object Name

       860        264          0          0      16400          0   loader.o
       680         56          0          0       1160          0   segger_rtt.o
      1088          6         16          0          0          0   segger_rtt_printf.o
        64         26        192          0       4352          0   startup_mdr32f9qx.o
       260         28          0          4          0          0   system_mdr32f9qx.o

    ----------------------------------------------------------------------
      2956        380        240          4      21912          0   Object Totals
         0          0         32          0          0          0   (incl. Generated)
         4          0          0          0          0          0   (incl. Padding)

    ----------------------------------------------------------------------

      Code (inc. data)   RO Data    RW Data    ZI Data      Debug   Library Member Name

         8          0          0          0          0          0   __main.o
         0          0          0          0          0          0   __rtentry.o
        12          0          0          0          0          0   __rtentry2.o
         6          0          0          0          0          0   __rtentry4.o
        52          8          0          0          0          0   __scatter.o
        26          0          0          0          0          0   __scatter_copy.o
        28          0          0          0          0          0   __scatter_zi.o
        18          0          0          0          0          0   exit.o
         6          0          0          0          0          0   heapauxi.o
         0          0          0          0          0          0   indicate_semi.o
         2          0          0          0          0          0   libinit.o
         2          0          0          0          0          0   libinit2.o
         2          0          0          0          0          0   libshutdown.o
         2          0          0          0          0          0   libshutdown2.o
         8          4          0          0         96          0   libspace.o
       138          0          0          0          0          0   rt_memcpy_v6.o
       100          0          0          0          0          0   rt_memcpy_w.o
         2          0          0          0          0          0   rtexit.o
        10          0          0          0          0          0   rtexit2.o
        72          0          0          0          0          0   strcpy.o
        62          0          0          0          0          0   strlen.o
        12          4          0          0          0          0   sys_exit.o
        74          0          0          0          0          0   sys_stackheap_outer.o
         2          0          0          0          0          0   use_no_semi.o

    ----------------------------------------------------------------------
       652         16          0          0        100          0   Library Totals
         8          0          0          0          4          0   (incl. Padding)

    ----------------------------------------------------------------------

      Code (inc. data)   RO Data    RW Data    ZI Data      Debug   Library Name

       644         16          0          0         96          0   c_w.l

    ----------------------------------------------------------------------
       652         16          0          0        100          0   Library Totals

    ----------------------------------------------------------------------

==============================================================================


      Code (inc. data)   RO Data    RW Data    ZI Data      Debug   

      3608        396        240          4      22012          0   Grand Totals
      3608        396        240          4      22012          0   ELF Image Totals
      3608        396        240          4          0          0   ROM Totals

==============================================================================

    Total RO  Size (Code + RO Data)                 3848 (   3.76kB)
    Total RW  Size (RW Data + ZI Data)             22016 (  21.50kB)
    Total ROM Size (Code + RO Data + RW Data)       3852 (   3.76kB)

==============================================================================

